Command line invocation:
    /Applications/Xcode.app/Contents/Developer/usr/bin/xcodebuild test -scheme AirFit -destination "platform=iOS Simulator,name=iPhone 16 Pro,OS=18.4"

2025-06-05 14:43:05.424 xcodebuild[6552:23289481]  DVTDeviceOperation: Encountered a build number "" that is incompatible with DVTBuildVersion.
2025-06-05 14:43:05.426 xcodebuild[6552:23289426] [MT] DVTDeviceOperation: Encountered a build number "" that is incompatible with DVTBuildVersion.
Resolve Package Graph


Resolved source packages:
  Jinja: https://github.com/johnmai-dev/Jinja @ 1.2.0
  swift-collections: https://github.com/apple/swift-collections.git @ 1.2.0
  whisperkit: https://github.com/argmaxinc/WhisperKit.git @ 0.12.0
  swift-argument-parser: https://github.com/apple/swift-argument-parser.git @ 1.5.0
  swift-transformers: https://github.com/huggingface/swift-transformers.git @ 0.1.15

--- xcodebuild: WARNING: Using the first of multiple matching destinations:
{ platform:iOS Simulator, arch:arm64, id:526F0A03-9537-4798-95CD-0BBB89CB0284, OS:18.4, name:iPhone 16 Pro }
{ platform:iOS Simulator, arch:x86_64, id:526F0A03-9537-4798-95CD-0BBB89CB0284, OS:18.4, name:iPhone 16 Pro }
ComputePackagePrebuildTargetDependencyGraph

Prepare packages

CreateBuildRequest

SendProjectDescription

CreateBuildOperation

ComputeTargetDependencyGraph
note: Building targets in dependency order
note: Target dependency graph (18 targets)
    Target 'AirFitWatchApp' in project 'AirFit'
        ➜ Explicit dependency on target 'AirFit' in project 'AirFit'
    Target 'AirFitUITests' in project 'AirFit'
        ➜ Explicit dependency on target 'AirFit' in project 'AirFit'
    Target 'AirFitTests' in project 'AirFit'
        ➜ Explicit dependency on target 'AirFit' in project 'AirFit'
    Target 'AirFit' in project 'AirFit'
        ➜ Explicit dependency on target 'WhisperKit' in project 'whisperkit'
    Target 'WhisperKit' in project 'whisperkit'
        ➜ Explicit dependency on target 'WhisperKit' in project 'whisperkit'
        ➜ Explicit dependency on target 'Transformers' in project 'swift-transformers'
    Target 'WhisperKit' in project 'whisperkit'
        ➜ Explicit dependency on target 'Transformers' in project 'swift-transformers'
    Target 'Transformers' in project 'swift-transformers'
        ➜ Explicit dependency on target 'Tokenizers' in project 'swift-transformers'
        ➜ Explicit dependency on target 'Generation' in project 'swift-transformers'
        ➜ Explicit dependency on target 'Models' in project 'swift-transformers'
        ➜ Explicit dependency on target 'Hub' in project 'swift-transformers'
        ➜ Explicit dependency on target 'TensorUtils' in project 'swift-transformers'
        ➜ Explicit dependency on target 'Jinja' in project 'Jinja'
    Target 'Models' in project 'swift-transformers'
        ➜ Explicit dependency on target 'Hub' in project 'swift-transformers'
        ➜ Explicit dependency on target 'Tokenizers' in project 'swift-transformers'
        ➜ Explicit dependency on target 'TensorUtils' in project 'swift-transformers'
        ➜ Explicit dependency on target 'Generation' in project 'swift-transformers'
        ➜ Explicit dependency on target 'Jinja' in project 'Jinja'
    Target 'Generation' in project 'swift-transformers'
        ➜ Explicit dependency on target 'Hub' in project 'swift-transformers'
        ➜ Explicit dependency on target 'Tokenizers' in project 'swift-transformers'
        ➜ Explicit dependency on target 'TensorUtils' in project 'swift-transformers'
        ➜ Explicit dependency on target 'Jinja' in project 'Jinja'
    Target 'TensorUtils' in project 'swift-transformers' (no dependencies)
    Target 'Tokenizers' in project 'swift-transformers'
        ➜ Explicit dependency on target 'Hub' in project 'swift-transformers'
        ➜ Explicit dependency on target 'Jinja' in project 'Jinja'
    Target 'Jinja' in project 'Jinja'
        ➜ Explicit dependency on target 'Jinja' in project 'Jinja'
        ➜ Explicit dependency on target 'OrderedCollections' in project 'swift-collections'
    Target 'Jinja' in project 'Jinja'
        ➜ Explicit dependency on target 'OrderedCollections' in project 'swift-collections'
    Target 'OrderedCollections' in project 'swift-collections'
        ➜ Explicit dependency on target 'OrderedCollections' in project 'swift-collections'
        ➜ Explicit dependency on target 'InternalCollectionsUtilities' in project 'swift-collections'
    Target 'OrderedCollections' in project 'swift-collections'
        ➜ Explicit dependency on target 'InternalCollectionsUtilities' in project 'swift-collections'
    Target 'InternalCollectionsUtilities' in project 'swift-collections' (no dependencies)
    Target 'Hub' in project 'swift-transformers'
        ➜ Explicit dependency on target 'swift-transformers_Hub' in project 'swift-transformers'
    Target 'swift-transformers_Hub' in project 'swift-transformers' (no dependencies)

GatherProvisioningInputs

CreateBuildDescription

ClangStatCache /Applications/Xcode.app/Contents/Developer/Toolchains/XcodeDefault.xctoolchain/usr/bin/clang-stat-cache /Applications/Xcode.app/Contents/Developer/Platforms/iPhoneSimulator.platform/Developer/SDKs/iPhoneSimulator18.5.sdk /Users/Brian/Library/Developer/Xcode/DerivedData/SDKStatCaches.noindex/iphonesimulator18.5-22F76-d5fc8ad4295d2ef488fb7d0f804ce0c4.sdkstatcache
    cd /Users/Brian/Coding\ Projects/AirFit/AirFit.xcodeproj
    /Applications/Xcode.app/Contents/Developer/Toolchains/XcodeDefault.xctoolchain/usr/bin/clang-stat-cache /Applications/Xcode.app/Contents/Developer/Platforms/iPhoneSimulator.platform/Developer/SDKs/iPhoneSimulator18.5.sdk -o /Users/Brian/Library/Developer/Xcode/DerivedData/SDKStatCaches.noindex/iphonesimulator18.5-22F76-d5fc8ad4295d2ef488fb7d0f804ce0c4.sdkstatcache

ClangStatCache /Applications/Xcode.app/Contents/Developer/Toolchains/XcodeDefault.xctoolchain/usr/bin/clang-stat-cache /Applications/Xcode.app/Contents/Developer/Platforms/WatchSimulator.platform/Developer/SDKs/WatchSimulator11.5.sdk /Users/Brian/Library/Developer/Xcode/DerivedData/SDKStatCaches.noindex/watchsimulator11.5-22T572-f072d36b9981b6dc55608c571d18f8ef.sdkstatcache
    cd /Users/Brian/Coding\ Projects/AirFit/AirFit.xcodeproj
    /Applications/Xcode.app/Contents/Developer/Toolchains/XcodeDefault.xctoolchain/usr/bin/clang-stat-cache /Applications/Xcode.app/Contents/Developer/Platforms/WatchSimulator.platform/Developer/SDKs/WatchSimulator11.5.sdk -o /Users/Brian/Library/Developer/Xcode/DerivedData/SDKStatCaches.noindex/watchsimulator11.5-22T572-f072d36b9981b6dc55608c571d18f8ef.sdkstatcache

SwiftDriver AirFitTests normal arm64 com.apple.xcode.tools.swift.compiler (in target 'AirFitTests' from project 'AirFit')
    cd /Users/Brian/Coding\ Projects/AirFit
    builtin-SwiftDriver -- /Applications/Xcode.app/Contents/Developer/Toolchains/XcodeDefault.xctoolchain/usr/bin/swiftc -module-name AirFitTests -Onone -enforce-exclusivity\=checked @/Users/Brian/Library/Developer/Xcode/DerivedData/AirFit-byirbnjrjkaivfbuyqrmiapiyxae/Build/Intermediates.noindex/AirFit.build/Debug-iphonesimulator/AirFitTests.build/Objects-normal/arm64/AirFitTests.SwiftFileList -DDEBUG -plugin-path /Applications/Xcode.app/Contents/Developer/Toolchains/XcodeDefault.xctoolchain/usr/lib/swift/host/plugins/testing -enable-experimental-feature DebugDescriptionMacro -sdk /Applications/Xcode.app/Contents/Developer/Platforms/iPhoneSimulator.platform/Developer/SDKs/iPhoneSimulator18.5.sdk -target arm64-apple-ios18.0-simulator -g -module-cache-path /Users/Brian/Library/Developer/Xcode/DerivedData/ModuleCache.noindex -Xfrontend -serialize-debugging-options -enable-testing -index-store-path /Users/Brian/Library/Developer/Xcode/DerivedData/AirFit-byirbnjrjkaivfbuyqrmiapiyxae/Index.noindex/DataStore -swift-version 6 -I /Users/Brian/Library/Developer/Xcode/DerivedData/AirFit-byirbnjrjkaivfbuyqrmiapiyxae/Build/Products/Debug-iphonesimulator -I /Applications/Xcode.app/Contents/Developer/Platforms/iPhoneSimulator.platform/Developer/usr/lib -F /Users/Brian/Library/Developer/Xcode/DerivedData/AirFit-byirbnjrjkaivfbuyqrmiapiyxae/Build/Products/Debug-iphonesimulator/PackageFrameworks -F /Users/Brian/Library/Developer/Xcode/DerivedData/AirFit-byirbnjrjkaivfbuyqrmiapiyxae/Build/Products/Debug-iphonesimulator/PackageFrameworks -F /Users/Brian/Library/Developer/Xcode/DerivedData/AirFit-byirbnjrjkaivfbuyqrmiapiyxae/Build/Products/Debug-iphonesimulator/PackageFrameworks -F /Users/Brian/Library/Developer/Xcode/DerivedData/AirFit-byirbnjrjkaivfbuyqrmiapiyxae/Build/Products/Debug-iphonesimulator/PackageFrameworks -F /Users/Brian/Library/Developer/Xcode/DerivedData/AirFit-byirbnjrjkaivfbuyqrmiapiyxae/Build/Products/Debug-iphonesimulator/PackageFrameworks -F /Users/Brian/Library/Developer/Xcode/DerivedData/AirFit-byirbnjrjkaivfbuyqrmiapiyxae/Build/Products/Debug-iphonesimulator/PackageFrameworks -F /Users/Brian/Library/Developer/Xcode/DerivedData/AirFit-byirbnjrjkaivfbuyqrmiapiyxae/Build/Products/Debug-iphonesimulator/PackageFrameworks -F /Users/Brian/Library/Developer/Xcode/DerivedData/AirFit-byirbnjrjkaivfbuyqrmiapiyxae/Build/Products/Debug-iphonesimulator/PackageFrameworks -F /Users/Brian/Library/Developer/Xcode/DerivedData/AirFit-byirbnjrjkaivfbuyqrmiapiyxae/Build/Products/Debug-iphonesimulator/PackageFrameworks -F /Users/Brian/Library/Developer/Xcode/DerivedData/AirFit-byirbnjrjkaivfbuyqrmiapiyxae/Build/Products/Debug-iphonesimulator -F /Applications/Xcode.app/Contents/Developer/Platforms/iPhoneSimulator.platform/Developer/Library/Frameworks -F /Applications/Xcode.app/Contents/Developer/Platforms/iPhoneSimulator.platform/Developer/SDKs/iPhoneSimulator18.5.sdk/Developer/Library/Frameworks -c -j16 -enable-batch-mode -incremental -Xcc -ivfsstatcache -Xcc /Users/Brian/Library/Developer/Xcode/DerivedData/SDKStatCaches.noindex/iphonesimulator18.5-22F76-d5fc8ad4295d2ef488fb7d0f804ce0c4.sdkstatcache -output-file-map /Users/Brian/Library/Developer/Xcode/DerivedData/AirFit-byirbnjrjkaivfbuyqrmiapiyxae/Build/Intermediates.noindex/AirFit.build/Debug-iphonesimulator/AirFitTests.build/Objects-normal/arm64/AirFitTests-OutputFileMap.json -use-frontend-parseable-output -save-temps -no-color-diagnostics -serialize-diagnostics -emit-dependencies -emit-module -emit-module-path /Users/Brian/Library/Developer/Xcode/DerivedData/AirFit-byirbnjrjkaivfbuyqrmiapiyxae/Build/Intermediates.noindex/AirFit.build/Debug-iphonesimulator/AirFitTests.build/Objects-normal/arm64/AirFitTests.swiftmodule -validate-clang-modules-once -clang-build-session-file /Users/Brian/Library/Developer/Xcode/DerivedData/ModuleCache.noindex/Session.modulevalidation -Xcc -I/Users/Brian/Library/Developer/Xcode/DerivedData/AirFit-byirbnjrjkaivfbuyqrmiapiyxae/Build/Intermediates.noindex/AirFit.build/Debug-iphonesimulator/AirFitTests.build/swift-overrides.hmap -emit-const-values -Xfrontend -const-gather-protocols-file -Xfrontend /Users/Brian/Library/Developer/Xcode/DerivedData/AirFit-byirbnjrjkaivfbuyqrmiapiyxae/Build/Intermediates.noindex/AirFit.build/Debug-iphonesimulator/AirFitTests.build/Objects-normal/arm64/AirFitTests_const_extract_protocols.json -Xcc -iquote -Xcc /Users/Brian/Library/Developer/Xcode/DerivedData/AirFit-byirbnjrjkaivfbuyqrmiapiyxae/Build/Intermediates.noindex/AirFit.build/Debug-iphonesimulator/AirFitTests.build/AirFitTests-generated-files.hmap -Xcc -I/Users/Brian/Library/Developer/Xcode/DerivedData/AirFit-byirbnjrjkaivfbuyqrmiapiyxae/Build/Intermediates.noindex/AirFit.build/Debug-iphonesimulator/AirFitTests.build/AirFitTests-own-target-headers.hmap -Xcc -I/Users/Brian/Library/Developer/Xcode/DerivedData/AirFit-byirbnjrjkaivfbuyqrmiapiyxae/Build/Intermediates.noindex/AirFit.build/Debug-iphonesimulator/AirFitTests.build/AirFitTests-all-non-framework-target-headers.hmap -Xcc -ivfsoverlay -Xcc /Users/Brian/Library/Developer/Xcode/DerivedData/AirFit-byirbnjrjkaivfbuyqrmiapiyxae/Build/Intermediates.noindex/AirFit.build/Debug-iphonesimulator/AirFit-ebd97daffa3a1e236f047a59eef70a3a-VFS-iphonesimulator/all-product-headers.yaml -Xcc -iquote -Xcc /Users/Brian/Library/Developer/Xcode/DerivedData/AirFit-byirbnjrjkaivfbuyqrmiapiyxae/Build/Intermediates.noindex/AirFit.build/Debug-iphonesimulator/AirFitTests.build/AirFitTests-project-headers.hmap -Xcc -I/Users/Brian/Library/Developer/Xcode/DerivedData/AirFit-byirbnjrjkaivfbuyqrmiapiyxae/Build/Products/Debug-iphonesimulator/include -Xcc -I/Users/Brian/Library/Developer/Xcode/DerivedData/AirFit-byirbnjrjkaivfbuyqrmiapiyxae/Build/Intermediates.noindex/AirFit.build/Debug-iphonesimulator/AirFitTests.build/DerivedSources-normal/arm64 -Xcc -I/Users/Brian/Library/Developer/Xcode/DerivedData/AirFit-byirbnjrjkaivfbuyqrmiapiyxae/Build/Intermediates.noindex/AirFit.build/Debug-iphonesimulator/AirFitTests.build/DerivedSources/arm64 -Xcc -I/Users/Brian/Library/Developer/Xcode/DerivedData/AirFit-byirbnjrjkaivfbuyqrmiapiyxae/Build/Intermediates.noindex/AirFit.build/Debug-iphonesimulator/AirFitTests.build/DerivedSources -Xcc -DDEBUG\=1 -emit-objc-header -emit-objc-header-path /Users/Brian/Library/Developer/Xcode/DerivedData/AirFit-byirbnjrjkaivfbuyqrmiapiyxae/Build/Intermediates.noindex/AirFit.build/Debug-iphonesimulator/AirFitTests.build/Objects-normal/arm64/AirFitTests-Swift.h -working-directory /Users/Brian/Coding\ Projects/AirFit -experimental-emit-module-separately -disable-cmo

SwiftCompile normal arm64 Compiling\ ConversationManagerPerformanceTests.swift,\ ConversationManagerPersistenceTests.swift,\ ConversationManagerTests.swift /Users/Brian/Coding\ Projects/AirFit/AirFit/AirFitTests/Modules/AI/ConversationManagerPerformanceTests.swift /Users/Brian/Coding\ Projects/AirFit/AirFit/AirFitTests/Modules/AI/ConversationManagerPersistenceTests.swift /Users/Brian/Coding\ Projects/AirFit/AirFit/AirFitTests/Modules/AI/ConversationManagerTests.swift (in target 'AirFitTests' from project 'AirFit')

SwiftCompile normal arm64 /Users/Brian/Coding\ Projects/AirFit/AirFit/AirFitTests/Modules/AI/ConversationManagerPerformanceTests.swift (in target 'AirFitTests' from project 'AirFit')
    cd /Users/Brian/Coding\ Projects/AirFit
    

SwiftCompile normal arm64 /Users/Brian/Coding\ Projects/AirFit/AirFit/AirFitTests/Modules/AI/ConversationManagerPersistenceTests.swift (in target 'AirFitTests' from project 'AirFit')
    cd /Users/Brian/Coding\ Projects/AirFit
    

SwiftCompile normal arm64 /Users/Brian/Coding\ Projects/AirFit/AirFit/AirFitTests/Modules/AI/ConversationManagerTests.swift (in target 'AirFitTests' from project 'AirFit')
    cd /Users/Brian/Coding\ Projects/AirFit
    

SwiftCompile normal arm64 Compiling\ CoreSetupTests.swift,\ DIContainerTests.swift,\ DITestHelper.swift /Users/Brian/Coding\ Projects/AirFit/AirFit/AirFitTests/Core/CoreSetupTests.swift /Users/Brian/Coding\ Projects/AirFit/AirFit/AirFitTests/Core/DI/DIContainerTests.swift /Users/Brian/Coding\ Projects/AirFit/AirFit/AirFitTests/TestUtils/DITestHelper.swift (in target 'AirFitTests' from project 'AirFit')
SwiftCompile normal arm64 /Users/Brian/Coding\ Projects/AirFit/AirFit/AirFitTests/Core/CoreSetupTests.swift (in target 'AirFitTests' from project 'AirFit')
    cd /Users/Brian/Coding\ Projects/AirFit
    

SwiftCompile normal arm64 /Users/Brian/Coding\ Projects/AirFit/AirFit/AirFitTests/Core/DI/DIContainerTests.swift (in target 'AirFitTests' from project 'AirFit')
    cd /Users/Brian/Coding\ Projects/AirFit
    

SwiftCompile normal arm64 /Users/Brian/Coding\ Projects/AirFit/AirFit/AirFitTests/TestUtils/DITestHelper.swift (in target 'AirFitTests' from project 'AirFit')
    cd /Users/Brian/Coding\ Projects/AirFit
    

SwiftCompile normal arm64 Compiling\ CoachEngineTests.swift,\ ContextAnalyzerTests.swift,\ ContextAssemblerTests.swift /Users/Brian/Coding\ Projects/AirFit/AirFit/AirFitTests/Modules/AI/CoachEngineTests.swift /Users/Brian/Coding\ Projects/AirFit/AirFit/AirFitTests/Modules/AI/ContextAnalyzerTests.swift /Users/Brian/Coding\ Projects/AirFit/AirFit/AirFitTests/Services/Context/ContextAssemblerTests.swift (in target 'AirFitTests' from project 'AirFit')
SwiftCompile normal arm64 /Users/Brian/Coding\ Projects/AirFit/AirFit/AirFitTests/Modules/AI/CoachEngineTests.swift (in target 'AirFitTests' from project 'AirFit')
    cd /Users/Brian/Coding\ Projects/AirFit
    

SwiftCompile normal arm64 /Users/Brian/Coding\ Projects/AirFit/AirFit/AirFitTests/Modules/AI/ContextAnalyzerTests.swift (in target 'AirFitTests' from project 'AirFit')
    cd /Users/Brian/Coding\ Projects/AirFit
    

SwiftCompile normal arm64 /Users/Brian/Coding\ Projects/AirFit/AirFit/AirFitTests/Services/Context/ContextAssemblerTests.swift (in target 'AirFitTests' from project 'AirFit')
    cd /Users/Brian/Coding\ Projects/AirFit
    

SwiftCompile normal arm64 Compiling\ ChatCoordinatorTests.swift,\ ChatSuggestionsEngineTests.swift,\ ChatViewModelTests.swift /Users/Brian/Coding\ Projects/AirFit/AirFit/AirFitTests/Modules/Chat/ChatCoordinatorTests.swift /Users/Brian/Coding\ Projects/AirFit/AirFit/AirFitTests/Modules/Chat/ChatSuggestionsEngineTests.swift /Users/Brian/Coding\ Projects/AirFit/AirFit/AirFitTests/Modules/Chat/ChatViewModelTests.swift (in target 'AirFitTests' from project 'AirFit')

SwiftCompile normal arm64 /Users/Brian/Coding\ Projects/AirFit/AirFit/AirFitTests/Modules/Chat/ChatCoordinatorTests.swift (in target 'AirFitTests' from project 'AirFit')
    cd /Users/Brian/Coding\ Projects/AirFit
    

SwiftCompile normal arm64 /Users/Brian/Coding\ Projects/AirFit/AirFit/AirFitTests/Modules/Chat/ChatSuggestionsEngineTests.swift (in target 'AirFitTests' from project 'AirFit')
    cd /Users/Brian/Coding\ Projects/AirFit
    

SwiftCompile normal arm64 /Users/Brian/Coding\ Projects/AirFit/AirFit/AirFitTests/Modules/Chat/ChatViewModelTests.swift (in target 'AirFitTests' from project 'AirFit')
    cd /Users/Brian/Coding\ Projects/AirFit
    

SwiftCompile normal arm64 Compiling\ PersonaGenerationStressTests.swift,\ PersonaGenerationTests.swift /Users/Brian/Coding\ Projects/AirFit/AirFit/AirFitTests/Performance/PersonaGenerationStressTests.swift /Users/Brian/Coding\ Projects/AirFit/AirFit/AirFitTests/Integration/PersonaGenerationTests.swift (in target 'AirFitTests' from project 'AirFit')
Failed frontend command:
/Applications/Xcode.app/Contents/Developer/Toolchains/XcodeDefault.xctoolchain/usr/bin/swift-frontend -frontend -c /Users/Brian/Coding\ Projects/AirFit/AirFit/AirFitTests/Modules/FoodTracking/AINutritionParsingIntegrationTests.swift /Users/Brian/Coding\ Projects/AirFit/AirFit/AirFitTests/Modules/FoodTracking/AINutritionParsingTests.swift /Users/Brian/Coding\ Projects/AirFit/AirFit/AirFitTests/Core/AppConstantsTests.swift /Users/Brian/Coding\ Projects/AirFit/AirFit/AirFitTests/Modules/Settings/BiometricAuthManagerTests.swift /Users/Brian/Coding\ Projects/AirFit/AirFit/AirFitTests/Modules/Chat/ChatCoordinatorTests.swift /Users/Brian/Coding\ Projects/AirFit/AirFit/AirFitTests/Modules/Chat/ChatSuggestionsEngineTests.swift /Users/Brian/Coding\ Projects/AirFit/AirFit/AirFitTests/Modules/Chat/ChatViewModelTests.swift /Users/Brian/Coding\ Projects/AirFit/AirFit/AirFitTests/Modules/AI/CoachEngineTests.swift /Users/Brian/Coding\ Projects/AirFit/AirFit/AirFitTests/Modules/AI/ContextAnalyzerTests.swift /Users/Brian/Coding\ Projects/AirFit/AirFit/AirFitTests/Services/Context/ContextAssemblerTests.swift /Users/Brian/Coding\ Projects/AirFit/AirFit/AirFitTests/Modules/AI/ConversationManagerPerformanceTests.swift /Users/Brian/Coding\ Projects/AirFit/AirFit/AirFitTests/Modules/AI/ConversationManagerPersistenceTests.swift /Users/Brian/Coding\ Projects/AirFit/AirFit/AirFitTests/Modules/AI/ConversationManagerTests.swift /Users/Brian/Coding\ Projects/AirFit/AirFit/AirFitTests/Core/CoreSetupTests.swift /Users/Brian/Coding\ Projects/AirFit/AirFit/AirFitTests/Core/DI/DIContainerTests.swift /Users/Brian/Coding\ Projects/AirFit/AirFit/AirFitTests/TestUtils/DITestHelper.swift /Users/Brian/Coding\ Projects/AirFit/AirFit/AirFitTests/Modules/Dashboard/DashboardViewModelTests.swift /Users/Brian/Coding\ Projects/AirFit/AirFit/AirFitTests/Performance/DirectAIPerformanceTests.swift /Users/Brian/Coding\ Projects/AirFit/AirFit/AirFitTests/Modules/Notifications/EngagementEngineTests.swift /Users/Brian/Coding\ Projects/AirFit/AirFit/AirFitTests/Core/ExtensionsTests.swift /Users/Brian/Coding\ Projects/AirFit/AirFit/AirFitTests/Modules/FoodTracking/FoodTrackingViewModelAIIntegrationTests.swift /Users/Brian/Coding\ Projects/AirFit/AirFit/AirFitTests/Core/FormattersTests.swift /Users/Brian/Coding\ Projects/AirFit/AirFit/AirFitTests/Modules/AI/FunctionCallDispatcherTests.swift /Users/Brian/Coding\ Projects/AirFit/AirFit/AirFitTests/Services/GeminiProviderTests.swift /Users/Brian/Coding\ Projects/AirFit/AirFit/AirFitTests/Services/Health/HealthKitManagerTests.swift /Users/Brian/Coding\ Projects/AirFit/AirFit/AirFitTests/Core/KeychainWrapperTests.swift /Users/Brian/Coding\ Projects/AirFit/AirFit/AirFitTests/Modules/AI/LocalCommandParserTests.swift /Users/Brian/Coding\ Projects/AirFit/AirFit/AirFitTests/Modules/AI/MessageClassificationTests.swift /Users/Brian/Coding\ Projects/AirFit/AirFit/AirFitTests/Mocks/MockAIAPIService.swift /Users/Brian/Coding\ Projects/AirFit/AirFit/AirFitTests/Mocks/MockAIAnalyticsService.swift /Users/Brian/Coding\ Projects/AirFit/AirFit/AirFitTests/Mocks/MockAICoachService.swift /Users/Brian/Coding\ Projects/AirFit/AirFit/AirFitTests/Mocks/MockAIGoalService.swift /Users/Brian/Coding\ Projects/AirFit/AirFit/AirFitTests/Mocks/MockAIPerformanceAnalytics.swift /Users/Brian/Coding\ Projects/AirFit/AirFit/AirFitTests/Mocks/MockAIService.swift /Users/Brian/Coding\ Projects/AirFit/AirFit/AirFitTests/Mocks/MockAIWorkoutService.swift /Users/Brian/Coding\ Projects/AirFit/AirFit/AirFitTests/Mocks/MockAPIKeyManager.swift /Users/Brian/Coding\ Projects/AirFit/AirFit/AirFitTests/Mocks/MockAVAudioRecorder.swift /Users/Brian/Coding\ Projects/AirFit/AirFit/AirFitTests/Mocks/MockAVAudioSession.swift /Users/Brian/Coding\ Projects/AirFit/AirFit/AirFitTests/Mocks/MockAnalyticsService.swift /Users/Brian/Coding\ Projects/AirFit/AirFit/AirFitTests/Mocks/MockCoachEngine.swift /Users/Brian/Coding\ Projects/AirFit/AirFit/AirFitTests/Mocks/MockConversationAnalytics.swift /Users/Brian/Coding\ Projects/AirFit/AirFit/AirFitTests/Mocks/MockConversationFlowManager.swift /Users/Brian/Coding\ Projects/AirFit/AirFit/AirFitTests/Mocks/MockConversationPersistence.swift /Users/Brian/Coding\ Projects/AirFit/AirFit/AirFitTests/Mocks/MockDashboardNutritionService.swift /Users/Brian/Coding\ Projects/AirFit/AirFit/AirFitTests/Mocks/MockFoodTrackingCoordinator.swift /Users/Brian/Coding\ Projects/AirFit/AirFit/AirFitTests/Mocks/MockFoodVoiceAdapter.swift /Users/Brian/Coding\ Projects/AirFit/AirFit/AirFitTests/Mocks/MockFoodVoiceService.swift /Users/Brian/Coding\ Projects/AirFit/AirFit/AirFitTests/Mocks/MockGoalService.swift /Users/Brian/Coding\ Projects/AirFit/AirFit/AirFitTests/Mocks/MockHealthKitManager.swift /Users/Brian/Coding\ Projects/AirFit/AirFit/AirFitTests/Mocks/MockHealthKitPrefillProvider.swift /Users/Brian/Coding\ Projects/AirFit/AirFit/AirFitTests/Mocks/MockHealthKitService.swift /Users/Brian/Coding\ Projects/AirFit/AirFit/AirFitTests/Mocks/MockLLMOrchestrator.swift /Users/Brian/Coding\ Projects/AirFit/AirFit/AirFitTests/Mocks/MockLLMProvider.swift /Users/Brian/Coding\ Projects/AirFit/AirFit/AirFitTests/Mocks/MockNetworkClient.swift /Users/Brian/Coding\ Projects/AirFit/AirFit/AirFitTests/Mocks/MockNetworkManager.swift /Users/Brian/Coding\ Projects/AirFit/AirFit/AirFitTests/Mocks/MockNotificationManager.swift /Users/Brian/Coding\ Projects/AirFit/AirFit/AirFitTests/Mocks/MockNutritionService.swift /Users/Brian/Coding\ Projects/AirFit/AirFit/AirFitTests/Mocks/MockOnboardingService.swift /Users/Brian/Coding\ Projects/AirFit/AirFit/AirFitTests/Mocks/Base/MockProtocol.swift /Users/Brian/Coding\ Projects/AirFit/AirFit/AirFitTests/Mocks/MockService.swift /Users/Brian/Coding\ Projects/AirFit/AirFit/AirFitTests/Services/MockServicesTests.swift /Users/Brian/Coding\ Projects/AirFit/AirFit/AirFitTests/Mocks/MockUserService.swift /Users/Brian/Coding\ Projects/AirFit/AirFit/AirFitTests/Mocks/MockViewModel.swift /Users/Brian/Coding\ Projects/AirFit/AirFit/AirFitTests/Mocks/MockVoiceInputManager.swift /Users/Brian/Coding\ Projects/AirFit/AirFit/AirFitTests/Mocks/MockWeatherService.swift /Users/Brian/Coding\ Projects/AirFit/AirFit/AirFitTests/Mocks/MockWhisperKit.swift /Users/Brian/Coding\ Projects/AirFit/AirFit/AirFitTests/Mocks/MockWhisperModelManager.swift /Users/Brian/Coding\ Projects/AirFit/AirFit/AirFitTests/Mocks/MockWhisperServiceWrapper.swift /Users/Brian/Coding\ Projects/AirFit/AirFit/AirFitTests/Mocks/MockWorkoutService.swift /Users/Brian/Coding\ Projects/AirFit/AirFit/AirFitTests/Services/NetworkManagerTests.swift /Users/Brian/Coding\ Projects/AirFit/AirFit/AirFitTests/Modules/Notifications/NotificationManagerTests.swift /Users/Brian/Coding\ Projects/AirFit/AirFit/AirFitTests/Modules/FoodTracking/NutritionParsingExtensiveTests.swift /Users/Brian/Coding\ Projects/AirFit/AirFit/AirFitTests/Performance/NutritionParsingPerformanceTests.swift /Users/Brian/Coding\ Projects/AirFit/AirFit/AirFitTests/Integration/OnboardingErrorRecoveryTests.swift /Users/Brian/Coding\ Projects/AirFit/AirFit/AirFitTests/Integration/OnboardingFlowTests.swift /Users/Brian/Coding\ Projects/AirFit/AirFit/AirFitTests/Modules/Onboarding/OnboardingFlowViewTests.swift /Users/Brian/Coding\ Projects/AirFit/AirFit/AirFitTests/Modules/Onboarding/OnboardingIntegrationTests.swift /Users/Brian/Coding\ Projects/AirFit/AirFit/AirFitTests/Modules/Onboarding/OnboardingModelsTests.swift /Users/Brian/Coding\ Projects/AirFit/AirFit/AirFitTests/Performance/OnboardingPerformanceTests.swift /Users/Brian/Coding\ Projects/AirFit/AirFit/AirFitTests/Modules/Onboarding/OnboardingServiceTests.swift /Users/Brian/Coding\ Projects/AirFit/AirFit/AirFitTests/Modules/Onboarding/OnboardingViewTests.swift -primary-file /Users/Brian/Coding\ Projects/AirFit/AirFit/AirFitTests/Performance/PersonaGenerationStressTests.swift -primary-file /Users/Brian/Coding\ Projects/AirFit/AirFit/AirFitTests/Integration/PersonaGenerationTests.swift /Users/Brian/Coding\ Projects/AirFit/AirFit/AirFitTests/Modules/AI/Phase2ValidationTests.swift /Users/Brian/Coding\ Projects/AirFit/AirFit/AirFitTests/Services/ServiceIntegrationTests.swift /Users/Brian/Coding\ Projects/AirFit/AirFit/AirFitTests/Services/ServicePerformanceTests.swift /Users/Brian/Coding\ Projects/AirFit/AirFit/AirFitTests/Modules/Settings/SettingsModelsTests.swift /Users/Brian/Coding\ Projects/AirFit/AirFit/AirFitTests/Modules/Settings/SettingsViewModelTests.swift /Users/Brian/Coding\ Projects/AirFit/AirFit/AirFitTests/Services/TestHelpers.swift /Users/Brian/Coding\ Projects/AirFit/AirFit/AirFitTests/Mocks/TestableVoiceInputManager.swift /Users/Brian/Coding\ Projects/AirFit/AirFit/AirFitTests/Data/UserModelTests.swift /Users/Brian/Coding\ Projects/AirFit/AirFit/AirFitTests/Core/ValidatorsTests.swift /Users/Brian/Coding\ Projects/AirFit/AirFit/AirFitTests/Core/VoiceInputManagerTests.swift /Users/Brian/Coding\ Projects/AirFit/AirFit/AirFitTests/Mocks/VoicePerformanceMetrics.swift /Users/Brian/Coding\ Projects/AirFit/AirFit/AirFitTests/Services/WeatherServiceTests.swift /Users/Brian/Coding\ Projects/AirFit/AirFit/AirFitTests/Modules/Workouts/WorkoutCoordinatorTests.swift /Users/Brian/Coding\ Projects/AirFit/AirFit/AirFitTests/Services/WorkoutSyncServiceTests.swift /Users/Brian/Coding\ Projects/AirFit/AirFit/AirFitTests/Modules/Workouts/WorkoutViewModelTests.swift -emit-dependencies-path /Users/Brian/Library/Developer/Xcode/DerivedData/AirFit-byirbnjrjkaivfbuyqrmiapiyxae/Build/Intermediates.noindex/AirFit.build/Debug-iphonesimulator/AirFitTests.build/Objects-normal/arm64/PersonaGenerationStressTests.d -emit-const-values-path /Users/Brian/Library/Developer/Xcode/DerivedData/AirFit-byirbnjrjkaivfbuyqrmiapiyxae/Build/Intermediates.noindex/AirFit.build/Debug-iphonesimulator/AirFitTests.build/Objects-normal/arm64/PersonaGenerationStressTests.swiftconstvalues -emit-reference-dependencies-path /Users/Brian/Library/Developer/Xcode/DerivedData/AirFit-byirbnjrjkaivfbuyqrmiapiyxae/Build/Intermediates.noindex/AirFit.build/Debug-iphonesimulator/AirFitTests.build/Objects-normal/arm64/PersonaGenerationStressTests.swiftdeps -serialize-diagnostics-path /Users/Brian/Library/Developer/Xcode/DerivedData/AirFit-byirbnjrjkaivfbuyqrmiapiyxae/Build/Intermediates.noindex/AirFit.build/Debug-iphonesimulator/AirFitTests.build/Objects-normal/arm64/PersonaGenerationStressTests.dia -emit-dependencies-path /Users/Brian/Library/Developer/Xcode/DerivedData/AirFit-byirbnjrjkaivfbuyqrmiapiyxae/Build/Intermediates.noindex/AirFit.build/Debug-iphonesimulator/AirFitTests.build/Objects-normal/arm64/PersonaGenerationTests.d -emit-const-values-path /Users/Brian/Library/Developer/Xcode/DerivedData/AirFit-byirbnjrjkaivfbuyqrmiapiyxae/Build/Intermediates.noindex/AirFit.build/Debug-iphonesimulator/AirFitTests.build/Objects-normal/arm64/PersonaGenerationTests.swiftconstvalues -emit-reference-dependencies-path /Users/Brian/Library/Developer/Xcode/DerivedData/AirFit-byirbnjrjkaivfbuyqrmiapiyxae/Build/Intermediates.noindex/AirFit.build/Debug-iphonesimulator/AirFitTests.build/Objects-normal/arm64/PersonaGenerationTests.swiftdeps -serialize-diagnostics-path /Users/Brian/Library/Developer/Xcode/DerivedData/AirFit-byirbnjrjkaivfbuyqrmiapiyxae/Build/Intermediates.noindex/AirFit.build/Debug-iphonesimulator/AirFitTests.build/Objects-normal/arm64/PersonaGenerationTests.dia -target arm64-apple-ios18.0-simulator -Xllvm -aarch64-use-tbi -enable-objc-interop -sdk /Applications/Xcode.app/Contents/Developer/Platforms/iPhoneSimulator.platform/Developer/SDKs/iPhoneSimulator18.5.sdk -I /Users/Brian/Library/Developer/Xcode/DerivedData/AirFit-byirbnjrjkaivfbuyqrmiapiyxae/Build/Products/Debug-iphonesimulator -I /Applications/Xcode.app/Contents/Developer/Platforms/iPhoneSimulator.platform/Developer/usr/lib -F /Users/Brian/Library/Developer/Xcode/DerivedData/AirFit-byirbnjrjkaivfbuyqrmiapiyxae/Build/Products/Debug-iphonesimulator/PackageFrameworks -F /Users/Brian/Library/Developer/Xcode/DerivedData/AirFit-byirbnjrjkaivfbuyqrmiapiyxae/Build/Products/Debug-iphonesimulator/PackageFrameworks -F /Users/Brian/Library/Developer/Xcode/DerivedData/AirFit-byirbnjrjkaivfbuyqrmiapiyxae/Build/Products/Debug-iphonesimulator/PackageFrameworks -F /Users/Brian/Library/Developer/Xcode/DerivedData/AirFit-byirbnjrjkaivfbuyqrmiapiyxae/Build/Products/Debug-iphonesimulator/PackageFrameworks -F /Users/Brian/Library/Developer/Xcode/DerivedData/AirFit-byirbnjrjkaivfbuyqrmiapiyxae/Build/Products/Debug-iphonesimulator/PackageFrameworks -F /Users/Brian/Library/Developer/Xcode/DerivedData/AirFit-byirbnjrjkaivfbuyqrmiapiyxae/Build/Products/Debug-iphonesimulator/PackageFrameworks -F /Users/Brian/Library/Developer/Xcode/DerivedData/AirFit-byirbnjrjkaivfbuyqrmiapiyxae/Build/Products/Debug-iphonesimulator/PackageFrameworks -F /Users/Brian/Library/Developer/Xcode/DerivedData/AirFit-byirbnjrjkaivfbuyqrmiapiyxae/Build/Products/Debug-iphonesimulator/PackageFrameworks -F /Users/Brian/Library/Developer/Xcode/DerivedData/AirFit-byirbnjrjkaivfbuyqrmiapiyxae/Build/Products/Debug-iphonesimulator/PackageFrameworks -F /Users/Brian/Library/Developer/Xcode/DerivedData/AirFit-byirbnjrjkaivfbuyqrmiapiyxae/Build/Products/Debug-iphonesimulator -F /Applications/Xcode.app/Contents/Developer/Platforms/iPhoneSimulator.platform/Developer/Library/Frameworks -F /Applications/Xcode.app/Contents/Developer/Platforms/iPhoneSimulator.platform/Developer/SDKs/iPhoneSimulator18.5.sdk/Developer/Library/Frameworks -no-color-diagnostics -enable-testing -g -debug-info-format\=dwarf -dwarf-version\=5 -module-cache-path /Users/Brian/Library/Developer/Xcode/DerivedData/ModuleCache.noindex -swift-version 6 -enforce-exclusivity\=checked -Onone -D DEBUG -serialize-debugging-options -const-gather-protocols-file /Users/Brian/Library/Developer/Xcode/DerivedData/AirFit-byirbnjrjkaivfbuyqrmiapiyxae/Build/Intermediates.noindex/AirFit.build/Debug-iphonesimulator/AirFitTests.build/Objects-normal/arm64/AirFitTests_const_extract_protocols.json -enable-experimental-feature DebugDescriptionMacro -empty-abi-descriptor -plugin-path /Applications/Xcode.app/Contents/Developer/Toolchains/XcodeDefault.xctoolchain/usr/lib/swift/host/plugins/testing -validate-clang-modules-once -clang-build-session-file /Users/Brian/Library/Developer/Xcode/DerivedData/ModuleCache.noindex/Session.modulevalidation -Xcc -working-directory -Xcc /Users/Brian/Coding\ Projects/AirFit -resource-dir /Applications/Xcode.app/Contents/Developer/Toolchains/XcodeDefault.xctoolchain/usr/lib/swift -enable-anonymous-context-mangled-names -file-compilation-dir /Users/Brian/Coding\ Projects/AirFit -Xcc -ivfsstatcache -Xcc /Users/Brian/Library/Developer/Xcode/DerivedData/SDKStatCaches.noindex/iphonesimulator18.5-22F76-d5fc8ad4295d2ef488fb7d0f804ce0c4.sdkstatcache -Xcc -I/Users/Brian/Library/Developer/Xcode/DerivedData/AirFit-byirbnjrjkaivfbuyqrmiapiyxae/Build/Intermediates.noindex/AirFit.build/Debug-iphonesimulator/AirFitTests.build/swift-overrides.hmap -Xcc -iquote -Xcc /Users/Brian/Library/Developer/Xcode/DerivedData/AirFit-byirbnjrjkaivfbuyqrmiapiyxae/Build/Intermediates.noindex/AirFit.build/Debug-iphonesimulator/AirFitTests.build/AirFitTests-generated-files.hmap -Xcc -I/Users/Brian/Library/Developer/Xcode/DerivedData/AirFit-byirbnjrjkaivfbuyqrmiapiyxae/Build/Intermediates.noindex/AirFit.build/Debug-iphonesimulator/AirFitTests.build/AirFitTests-own-target-headers.hmap -Xcc -I/Users/Brian/Library/Developer/Xcode/DerivedData/AirFit-byirbnjrjkaivfbuyqrmiapiyxae/Build/Intermediates.noindex/AirFit.build/Debug-iphonesimulator/AirFitTests.build/AirFitTests-all-non-framework-target-headers.hmap -Xcc -ivfsoverlay -Xcc /Users/Brian/Library/Developer/Xcode/DerivedData/AirFit-byirbnjrjkaivfbuyqrmiapiyxae/Build/Intermediates.noindex/AirFit.build/Debug-iphonesimulator/AirFit-ebd97daffa3a1e236f047a59eef70a3a-VFS-iphonesimulator/all-product-headers.yaml -Xcc -iquote -Xcc /Users/Brian/Library/Developer/Xcode/DerivedData/AirFit-byirbnjrjkaivfbuyqrmiapiyxae/Build/Intermediates.noindex/AirFit.build/Debug-iphonesimulator/AirFitTests.build/AirFitTests-project-headers.hmap -Xcc -I/Users/Brian/Library/Developer/Xcode/DerivedData/AirFit-byirbnjrjkaivfbuyqrmiapiyxae/Build/Products/Debug-iphonesimulator/include -Xcc -I/Users/Brian/Library/Developer/Xcode/DerivedData/AirFit-byirbnjrjkaivfbuyqrmiapiyxae/Build/Intermediates.noindex/AirFit.build/Debug-iphonesimulator/AirFitTests.build/DerivedSources-normal/arm64 -Xcc -I/Users/Brian/Library/Developer/Xcode/DerivedData/AirFit-byirbnjrjkaivfbuyqrmiapiyxae/Build/Intermediates.noindex/AirFit.build/Debug-iphonesimulator/AirFitTests.build/DerivedSources/arm64 -Xcc -I/Users/Brian/Library/Developer/Xcode/DerivedData/AirFit-byirbnjrjkaivfbuyqrmiapiyxae/Build/Intermediates.noindex/AirFit.build/Debug-iphonesimulator/AirFitTests.build/DerivedSources -Xcc -DDEBUG\=1 -module-name AirFitTests -frontend-parseable-output -disable-clang-spi -target-sdk-version 18.5 -target-sdk-name iphonesimulator18.5 -external-plugin-path /Applications/Xcode.app/Contents/Developer/Platforms/iPhoneOS.platform/Developer/usr/lib/swift/host/plugins\#/Applications/Xcode.app/Contents/Developer/Platforms/iPhoneOS.platform/Developer/usr/bin/swift-plugin-server -external-plugin-path /Applications/Xcode.app/Contents/Developer/Platforms/iPhoneOS.platform/Developer/usr/local/lib/swift/host/plugins\#/Applications/Xcode.app/Contents/Developer/Platforms/iPhoneOS.platform/Developer/usr/bin/swift-plugin-server -in-process-plugin-server-path /Applications/Xcode.app/Contents/Developer/Toolchains/XcodeDefault.xctoolchain/usr/lib/swift/host/libSwiftInProcPluginServer.dylib -plugin-path /Applications/Xcode.app/Contents/Developer/Toolchains/XcodeDefault.xctoolchain/usr/lib/swift/host/plugins -plugin-path /Applications/Xcode.app/Contents/Developer/Toolchains/XcodeDefault.xctoolchain/usr/local/lib/swift/host/plugins -o /Users/Brian/Library/Developer/Xcode/DerivedData/AirFit-byirbnjrjkaivfbuyqrmiapiyxae/Build/Intermediates.noindex/AirFit.build/Debug-iphonesimulator/AirFitTests.build/Objects-normal/arm64/PersonaGenerationStressTests.o -o /Users/Brian/Library/Developer/Xcode/DerivedData/AirFit-byirbnjrjkaivfbuyqrmiapiyxae/Build/Intermediates.noindex/AirFit.build/Debug-iphonesimulator/AirFitTests.build/Objects-normal/arm64/PersonaGenerationTests.o -index-unit-output-path /AirFit.build/Debug-iphonesimulator/AirFitTests.build/Objects-normal/arm64/PersonaGenerationStressTests.o -index-unit-output-path /AirFit.build/Debug-iphonesimulator/AirFitTests.build/Objects-normal/arm64/PersonaGenerationTests.o -index-store-path /Users/Brian/Library/Developer/Xcode/DerivedData/AirFit-byirbnjrjkaivfbuyqrmiapiyxae/Index.noindex/DataStore -index-system-modules

SwiftCompile normal arm64 /Users/Brian/Coding\ Projects/AirFit/AirFit/AirFitTests/Performance/PersonaGenerationStressTests.swift (in target 'AirFitTests' from project 'AirFit')
    cd /Users/Brian/Coding\ Projects/AirFit
    
/Users/Brian/Coding Projects/AirFit/AirFit/AirFitTests/Performance/PersonaGenerationStressTests.swift:17:25: error: sending value of non-Sendable type 'XCTestCase' risks causing data races
        try await super.setUp()
                  ~~~~~~^~~~~~~
/Users/Brian/Coding Projects/AirFit/AirFit/AirFitTests/Performance/PersonaGenerationStressTests.swift:17:25: note: sending main actor-isolated value of non-Sendable type 'XCTestCase' to nonisolated instance method 'setUp()' risks causing races in between main actor-isolated and nonisolated uses
        try await super.setUp()
                        ^
/Users/Brian/Coding Projects/AirFit/AirFit/AirFitTests/Performance/PersonaGenerationStressTests.swift:41:25: error: sending value of non-Sendable type 'XCTestCase' risks causing data races
        try await super.tearDown()
                  ~~~~~~^~~~~~~~~~
/Users/Brian/Coding Projects/AirFit/AirFit/AirFitTests/Performance/PersonaGenerationStressTests.swift:41:25: note: sending main actor-isolated value of non-Sendable type 'XCTestCase' to nonisolated instance method 'tearDown()' risks causing races in between main actor-isolated and nonisolated uses
        try await super.tearDown()
                        ^
/Users/Brian/Coding Projects/AirFit/AirFit/AirFitTests/Performance/PersonaGenerationStressTests.swift:174:30: error: sending 'self.modelContext' risks causing data races
        let recovery = await OnboardingRecovery(
                             ^~~~~~~~~~~~~~~~~~~
/Users/Brian/Coding Projects/AirFit/AirFit/AirFitTests/Performance/PersonaGenerationStressTests.swift:174:30: note: sending task-isolated 'self.modelContext' to main actor-isolated callee risks causing data races between main actor-isolated and task-isolated uses
        let recovery = await OnboardingRecovery(
                             ^

SwiftCompile normal arm64 /Users/Brian/Coding\ Projects/AirFit/AirFit/AirFitTests/Integration/PersonaGenerationTests.swift (in target 'AirFitTests' from project 'AirFit')
    cd /Users/Brian/Coding\ Projects/AirFit
    

SwiftCompile normal arm64 Compiling\ OnboardingFlowViewTests.swift,\ OnboardingIntegrationTests.swift /Users/Brian/Coding\ Projects/AirFit/AirFit/AirFitTests/Modules/Onboarding/OnboardingFlowViewTests.swift /Users/Brian/Coding\ Projects/AirFit/AirFit/AirFitTests/Modules/Onboarding/OnboardingIntegrationTests.swift (in target 'AirFitTests' from project 'AirFit')

SwiftCompile normal arm64 /Users/Brian/Coding\ Projects/AirFit/AirFit/AirFitTests/Modules/Onboarding/OnboardingFlowViewTests.swift (in target 'AirFitTests' from project 'AirFit')
    cd /Users/Brian/Coding\ Projects/AirFit
    

SwiftCompile normal arm64 /Users/Brian/Coding\ Projects/AirFit/AirFit/AirFitTests/Modules/Onboarding/OnboardingIntegrationTests.swift (in target 'AirFitTests' from project 'AirFit')
    cd /Users/Brian/Coding\ Projects/AirFit
    

SwiftCompile normal arm64 Compiling\ ServicePerformanceTests.swift,\ SettingsModelsTests.swift /Users/Brian/Coding\ Projects/AirFit/AirFit/AirFitTests/Services/ServicePerformanceTests.swift /Users/Brian/Coding\ Projects/AirFit/AirFit/AirFitTests/Modules/Settings/SettingsModelsTests.swift (in target 'AirFitTests' from project 'AirFit')

SwiftCompile normal arm64 /Users/Brian/Coding\ Projects/AirFit/AirFit/AirFitTests/Services/ServicePerformanceTests.swift (in target 'AirFitTests' from project 'AirFit')
    cd /Users/Brian/Coding\ Projects/AirFit
    

SwiftCompile normal arm64 /Users/Brian/Coding\ Projects/AirFit/AirFit/AirFitTests/Modules/Settings/SettingsModelsTests.swift (in target 'AirFitTests' from project 'AirFit')
    cd /Users/Brian/Coding\ Projects/AirFit
    

SwiftCompile normal arm64 Compiling\ FoodTrackingViewModelAIIntegrationTests.swift,\ FormattersTests.swift,\ FunctionCallDispatcherTests.swift /Users/Brian/Coding\ Projects/AirFit/AirFit/AirFitTests/Modules/FoodTracking/FoodTrackingViewModelAIIntegrationTests.swift /Users/Brian/Coding\ Projects/AirFit/AirFit/AirFitTests/Core/FormattersTests.swift /Users/Brian/Coding\ Projects/AirFit/AirFit/AirFitTests/Modules/AI/FunctionCallDispatcherTests.swift (in target 'AirFitTests' from project 'AirFit')

SwiftCompile normal arm64 /Users/Brian/Coding\ Projects/AirFit/AirFit/AirFitTests/Modules/FoodTracking/FoodTrackingViewModelAIIntegrationTests.swift (in target 'AirFitTests' from project 'AirFit')
    cd /Users/Brian/Coding\ Projects/AirFit
    

SwiftCompile normal arm64 /Users/Brian/Coding\ Projects/AirFit/AirFit/AirFitTests/Core/FormattersTests.swift (in target 'AirFitTests' from project 'AirFit')
    cd /Users/Brian/Coding\ Projects/AirFit
    

SwiftCompile normal arm64 /Users/Brian/Coding\ Projects/AirFit/AirFit/AirFitTests/Modules/AI/FunctionCallDispatcherTests.swift (in target 'AirFitTests' from project 'AirFit')
    cd /Users/Brian/Coding\ Projects/AirFit
    

SwiftCompile normal arm64 Compiling\ OnboardingServiceTests.swift,\ OnboardingViewTests.swift /Users/Brian/Coding\ Projects/AirFit/AirFit/AirFitTests/Modules/Onboarding/OnboardingServiceTests.swift /Users/Brian/Coding\ Projects/AirFit/AirFit/AirFitTests/Modules/Onboarding/OnboardingViewTests.swift (in target 'AirFitTests' from project 'AirFit')

SwiftCompile normal arm64 /Users/Brian/Coding\ Projects/AirFit/AirFit/AirFitTests/Modules/Onboarding/OnboardingServiceTests.swift (in target 'AirFitTests' from project 'AirFit')
    cd /Users/Brian/Coding\ Projects/AirFit
    

SwiftCompile normal arm64 /Users/Brian/Coding\ Projects/AirFit/AirFit/AirFitTests/Modules/Onboarding/OnboardingViewTests.swift (in target 'AirFitTests' from project 'AirFit')
    cd /Users/Brian/Coding\ Projects/AirFit
    

SwiftCompile normal arm64 Compiling\ MockAIPerformanceAnalytics.swift,\ MockAIService.swift /Users/Brian/Coding\ Projects/AirFit/AirFit/AirFitTests/Mocks/MockAIPerformanceAnalytics.swift /Users/Brian/Coding\ Projects/AirFit/AirFit/AirFitTests/Mocks/MockAIService.swift (in target 'AirFitTests' from project 'AirFit')

SwiftCompile normal arm64 /Users/Brian/Coding\ Projects/AirFit/AirFit/AirFitTests/Mocks/MockAIPerformanceAnalytics.swift (in target 'AirFitTests' from project 'AirFit')
    cd /Users/Brian/Coding\ Projects/AirFit
    

SwiftCompile normal arm64 /Users/Brian/Coding\ Projects/AirFit/AirFit/AirFitTests/Mocks/MockAIService.swift (in target 'AirFitTests' from project 'AirFit')
    cd /Users/Brian/Coding\ Projects/AirFit
    

SwiftCompile normal arm64 Compiling\ Phase2ValidationTests.swift,\ ServiceIntegrationTests.swift /Users/Brian/Coding\ Projects/AirFit/AirFit/AirFitTests/Modules/AI/Phase2ValidationTests.swift /Users/Brian/Coding\ Projects/AirFit/AirFit/AirFitTests/Services/ServiceIntegrationTests.swift (in target 'AirFitTests' from project 'AirFit')

SwiftCompile normal arm64 /Users/Brian/Coding\ Projects/AirFit/AirFit/AirFitTests/Modules/AI/Phase2ValidationTests.swift (in target 'AirFitTests' from project 'AirFit')
    cd /Users/Brian/Coding\ Projects/AirFit
    

SwiftCompile normal arm64 /Users/Brian/Coding\ Projects/AirFit/AirFit/AirFitTests/Services/ServiceIntegrationTests.swift (in target 'AirFitTests' from project 'AirFit')
    cd /Users/Brian/Coding\ Projects/AirFit
    

SwiftCompile normal arm64 Compiling\ NutritionParsingExtensiveTests.swift,\ NutritionParsingPerformanceTests.swift /Users/Brian/Coding\ Projects/AirFit/AirFit/AirFitTests/Modules/FoodTracking/NutritionParsingExtensiveTests.swift /Users/Brian/Coding\ Projects/AirFit/AirFit/AirFitTests/Performance/NutritionParsingPerformanceTests.swift (in target 'AirFitTests' from project 'AirFit')

SwiftCompile normal arm64 /Users/Brian/Coding\ Projects/AirFit/AirFit/AirFitTests/Modules/FoodTracking/NutritionParsingExtensiveTests.swift (in target 'AirFitTests' from project 'AirFit')
    cd /Users/Brian/Coding\ Projects/AirFit
    

SwiftCompile normal arm64 /Users/Brian/Coding\ Projects/AirFit/AirFit/AirFitTests/Performance/NutritionParsingPerformanceTests.swift (in target 'AirFitTests' from project 'AirFit')
    cd /Users/Brian/Coding\ Projects/AirFit
    

SwiftCompile normal arm64 Compiling\ OnboardingErrorRecoveryTests.swift,\ OnboardingFlowTests.swift /Users/Brian/Coding\ Projects/AirFit/AirFit/AirFitTests/Integration/OnboardingErrorRecoveryTests.swift /Users/Brian/Coding\ Projects/AirFit/AirFit/AirFitTests/Integration/OnboardingFlowTests.swift (in target 'AirFitTests' from project 'AirFit')

SwiftCompile normal arm64 /Users/Brian/Coding\ Projects/AirFit/AirFit/AirFitTests/Integration/OnboardingErrorRecoveryTests.swift (in target 'AirFitTests' from project 'AirFit')
    cd /Users/Brian/Coding\ Projects/AirFit
    

SwiftCompile normal arm64 /Users/Brian/Coding\ Projects/AirFit/AirFit/AirFitTests/Integration/OnboardingFlowTests.swift (in target 'AirFitTests' from project 'AirFit')
    cd /Users/Brian/Coding\ Projects/AirFit
    

SwiftCompile normal arm64 Compiling\ OnboardingModelsTests.swift,\ OnboardingPerformanceTests.swift /Users/Brian/Coding\ Projects/AirFit/AirFit/AirFitTests/Modules/Onboarding/OnboardingModelsTests.swift /Users/Brian/Coding\ Projects/AirFit/AirFit/AirFitTests/Performance/OnboardingPerformanceTests.swift (in target 'AirFitTests' from project 'AirFit')

SwiftCompile normal arm64 /Users/Brian/Coding\ Projects/AirFit/AirFit/AirFitTests/Modules/Onboarding/OnboardingModelsTests.swift (in target 'AirFitTests' from project 'AirFit')
    cd /Users/Brian/Coding\ Projects/AirFit
    

SwiftCompile normal arm64 /Users/Brian/Coding\ Projects/AirFit/AirFit/AirFitTests/Performance/OnboardingPerformanceTests.swift (in target 'AirFitTests' from project 'AirFit')
    cd /Users/Brian/Coding\ Projects/AirFit
    

SwiftEmitModule normal arm64 Emitting\ module\ for\ AirFitTests (in target 'AirFitTests' from project 'AirFit')

EmitSwiftModule normal arm64 (in target 'AirFitTests' from project 'AirFit')
    cd /Users/Brian/Coding\ Projects/AirFit
    

SwiftCompile normal arm64 Compiling\ SettingsViewModelTests.swift,\ TestHelpers.swift /Users/Brian/Coding\ Projects/AirFit/AirFit/AirFitTests/Modules/Settings/SettingsViewModelTests.swift /Users/Brian/Coding\ Projects/AirFit/AirFit/AirFitTests/Services/TestHelpers.swift (in target 'AirFitTests' from project 'AirFit')

SwiftCompile normal arm64 /Users/Brian/Coding\ Projects/AirFit/AirFit/AirFitTests/Modules/Settings/SettingsViewModelTests.swift (in target 'AirFitTests' from project 'AirFit')
    cd /Users/Brian/Coding\ Projects/AirFit
    

SwiftCompile normal arm64 /Users/Brian/Coding\ Projects/AirFit/AirFit/AirFitTests/Services/TestHelpers.swift (in target 'AirFitTests' from project 'AirFit')
    cd /Users/Brian/Coding\ Projects/AirFit
    

SwiftCompile normal arm64 Compiling\ TestableVoiceInputManager.swift,\ UserModelTests.swift /Users/Brian/Coding\ Projects/AirFit/AirFit/AirFitTests/Mocks/TestableVoiceInputManager.swift /Users/Brian/Coding\ Projects/AirFit/AirFit/AirFitTests/Data/UserModelTests.swift (in target 'AirFitTests' from project 'AirFit')

SwiftDriverJobDiscovery normal arm64 Compiling OnboardingModelsTests.swift, OnboardingPerformanceTests.swift (in target 'AirFitTests' from project 'AirFit')


Test session results, code coverage, and logs:
	/Users/Brian/Library/Developer/Xcode/DerivedData/AirFit-byirbnjrjkaivfbuyqrmiapiyxae/Logs/Test/Test-AirFit-2025.06.05_14-43-06--0700.xcresult

Testing failed:
	Sending value of non-Sendable type 'XCTestCase' risks causing data races
	Sending value of non-Sendable type 'XCTestCase' risks causing data races
	Sending 'self.modelContext' risks causing data races
	Testing cancelled because the build failed.

** TEST FAILED **


The following build commands failed:
	SwiftCompile normal arm64 Compiling\ PersonaGenerationStressTests.swift,\ PersonaGenerationTests.swift /Users/Brian/Coding\ Projects/AirFit/AirFit/AirFitTests/Performance/PersonaGenerationStressTests.swift /Users/Brian/Coding\ Projects/AirFit/AirFit/AirFitTests/Integration/PersonaGenerationTests.swift (in target 'AirFitTests' from project 'AirFit')
	SwiftCompile normal arm64 /Users/Brian/Coding\ Projects/AirFit/AirFit/AirFitTests/Performance/PersonaGenerationStressTests.swift (in target 'AirFitTests' from project 'AirFit')
	Testing project AirFit with scheme AirFit
(3 failures)
